// Jest Snapshot v1, https://goo.gl/fbAQLP

exports[`/user/ renders correcly 1`] = `<!---->`;
