// Jest Snapshot v1, https://goo.gl/fbAQLP

exports[`/name/:prefix renders correctly 1`] = `
<section
  class="section"
>
  <h1
    class="title"
  >
    数字・記号
  </h1>
   
  <div
    class="buttons"
  >
    <a
      class="button is-info"
      type="button"
    >
      <!---->
       
      <span>
        
      あ
    
      </span>
       
      <!---->
    </a>
    <a
      class="button is-info"
      type="button"
    >
      <!---->
       
      <span>
        
      か
    
      </span>
       
      <!---->
    </a>
    <a
      class="button is-info"
      type="button"
    >
      <!---->
       
      <span>
        
      さ
    
      </span>
       
      <!---->
    </a>
    <a
      class="button is-info"
      type="button"
    >
      <!---->
       
      <span>
        
      た
    
      </span>
       
      <!---->
    </a>
    <a
      class="button is-info"
      type="button"
    >
      <!---->
       
      <span>
        
      な
    
      </span>
       
      <!---->
    </a>
    <a
      class="button is-info"
      type="button"
    >
      <!---->
       
      <span>
        
      は
    
      </span>
       
      <!---->
    </a>
    <a
      class="button is-info"
      type="button"
    >
      <!---->
       
      <span>
        
      ま
    
      </span>
       
      <!---->
    </a>
    <a
      class="button is-info"
      type="button"
    >
      <!---->
       
      <span>
        
      や
    
      </span>
       
      <!---->
    </a>
    <a
      class="button is-info"
      type="button"
    >
      <!---->
       
      <span>
        
      ら
    
      </span>
       
      <!---->
    </a>
    <a
      class="button is-info"
      type="button"
    >
      <!---->
       
      <span>
        
      わ
    
      </span>
       
      <!---->
    </a>
    <a
      class="button is-info"
      type="button"
    >
      <!---->
       
      <span>
        
      A
    
      </span>
       
      <!---->
    </a>
    <a
      class="button is-info"
      type="button"
    >
      <!---->
       
      <span>
        
      B
    
      </span>
       
      <!---->
    </a>
    <a
      class="button is-info"
      type="button"
    >
      <!---->
       
      <span>
        
      C
    
      </span>
       
      <!---->
    </a>
    <a
      class="button is-info"
      type="button"
    >
      <!---->
       
      <span>
        
      D
    
      </span>
       
      <!---->
    </a>
    <a
      class="button is-info"
      type="button"
    >
      <!---->
       
      <span>
        
      E
    
      </span>
       
      <!---->
    </a>
    <a
      class="button is-info"
      type="button"
    >
      <!---->
       
      <span>
        
      F
    
      </span>
       
      <!---->
    </a>
    <a
      class="button is-info"
      type="button"
    >
      <!---->
       
      <span>
        
      G
    
      </span>
       
      <!---->
    </a>
    <a
      class="button is-info"
      type="button"
    >
      <!---->
       
      <span>
        
      H
    
      </span>
       
      <!---->
    </a>
    <a
      class="button is-info"
      type="button"
    >
      <!---->
       
      <span>
        
      I
    
      </span>
       
      <!---->
    </a>
    <a
      class="button is-info"
      type="button"
    >
      <!---->
       
      <span>
        
      J
    
      </span>
       
      <!---->
    </a>
    <a
      class="button is-info"
      type="button"
    >
      <!---->
       
      <span>
        
      K
    
      </span>
       
      <!---->
    </a>
    <a
      class="button is-info"
      type="button"
    >
      <!---->
       
      <span>
        
      L
    
      </span>
       
      <!---->
    </a>
    <a
      class="button is-info"
      type="button"
    >
      <!---->
       
      <span>
        
      M
    
      </span>
       
      <!---->
    </a>
    <a
      class="button is-info"
      type="button"
    >
      <!---->
       
      <span>
        
      N
    
      </span>
       
      <!---->
    </a>
    <a
      class="button is-info"
      type="button"
    >
      <!---->
       
      <span>
        
      O
    
      </span>
       
      <!---->
    </a>
    <a
      class="button is-info"
      type="button"
    >
      <!---->
       
      <span>
        
      P
    
      </span>
       
      <!---->
    </a>
    <a
      class="button is-info"
      type="button"
    >
      <!---->
       
      <span>
        
      Q
    
      </span>
       
      <!---->
    </a>
    <a
      class="button is-info"
      type="button"
    >
      <!---->
       
      <span>
        
      R
    
      </span>
       
      <!---->
    </a>
    <a
      class="button is-info"
      type="button"
    >
      <!---->
       
      <span>
        
      S
    
      </span>
       
      <!---->
    </a>
    <a
      class="button is-info"
      type="button"
    >
      <!---->
       
      <span>
        
      T
    
      </span>
       
      <!---->
    </a>
    <a
      class="button is-info"
      type="button"
    >
      <!---->
       
      <span>
        
      U
    
      </span>
       
      <!---->
    </a>
    <a
      class="button is-info"
      type="button"
    >
      <!---->
       
      <span>
        
      V
    
      </span>
       
      <!---->
    </a>
    <a
      class="button is-info"
      type="button"
    >
      <!---->
       
      <span>
        
      W
    
      </span>
       
      <!---->
    </a>
    <a
      class="button is-info"
      type="button"
    >
      <!---->
       
      <span>
        
      X
    
      </span>
       
      <!---->
    </a>
    <a
      class="button is-info"
      type="button"
    >
      <!---->
       
      <span>
        
      Y
    
      </span>
       
      <!---->
    </a>
    <a
      class="button is-info"
      type="button"
    >
      <!---->
       
      <span>
        
      Z
    
      </span>
       
      <!---->
    </a>
    <button
      class="button is-info is-outlined"
      disabled="disabled"
      to="/name/36"
      type="button"
    >
      <!---->
       
      <span>
        
      数字・記号
    
      </span>
       
      <!---->
    </button>
  </div>
   
  <p
    class="subtitle"
  >
    Found 1 songs
  </p>
   
  <songlist-stub
    loading="true"
    songs="[object Object]"
  />
</section>
`;

exports[`/name/:prefix renders not found 1`] = `
<section
  class="section"
>
  <h1
    class="title"
  >
    数字・記号
  </h1>
   
  <div
    class="buttons"
  >
    <a
      class="button is-info"
      type="button"
    >
      <!---->
       
      <span>
        
      あ
    
      </span>
       
      <!---->
    </a>
    <a
      class="button is-info"
      type="button"
    >
      <!---->
       
      <span>
        
      か
    
      </span>
       
      <!---->
    </a>
    <a
      class="button is-info"
      type="button"
    >
      <!---->
       
      <span>
        
      さ
    
      </span>
       
      <!---->
    </a>
    <a
      class="button is-info"
      type="button"
    >
      <!---->
       
      <span>
        
      た
    
      </span>
       
      <!---->
    </a>
    <a
      class="button is-info"
      type="button"
    >
      <!---->
       
      <span>
        
      な
    
      </span>
       
      <!---->
    </a>
    <a
      class="button is-info"
      type="button"
    >
      <!---->
       
      <span>
        
      は
    
      </span>
       
      <!---->
    </a>
    <a
      class="button is-info"
      type="button"
    >
      <!---->
       
      <span>
        
      ま
    
      </span>
       
      <!---->
    </a>
    <a
      class="button is-info"
      type="button"
    >
      <!---->
       
      <span>
        
      や
    
      </span>
       
      <!---->
    </a>
    <a
      class="button is-info"
      type="button"
    >
      <!---->
       
      <span>
        
      ら
    
      </span>
       
      <!---->
    </a>
    <a
      class="button is-info"
      type="button"
    >
      <!---->
       
      <span>
        
      わ
    
      </span>
       
      <!---->
    </a>
    <a
      class="button is-info"
      type="button"
    >
      <!---->
       
      <span>
        
      A
    
      </span>
       
      <!---->
    </a>
    <a
      class="button is-info"
      type="button"
    >
      <!---->
       
      <span>
        
      B
    
      </span>
       
      <!---->
    </a>
    <a
      class="button is-info"
      type="button"
    >
      <!---->
       
      <span>
        
      C
    
      </span>
       
      <!---->
    </a>
    <a
      class="button is-info"
      type="button"
    >
      <!---->
       
      <span>
        
      D
    
      </span>
       
      <!---->
    </a>
    <a
      class="button is-info"
      type="button"
    >
      <!---->
       
      <span>
        
      E
    
      </span>
       
      <!---->
    </a>
    <a
      class="button is-info"
      type="button"
    >
      <!---->
       
      <span>
        
      F
    
      </span>
       
      <!---->
    </a>
    <a
      class="button is-info"
      type="button"
    >
      <!---->
       
      <span>
        
      G
    
      </span>
       
      <!---->
    </a>
    <a
      class="button is-info"
      type="button"
    >
      <!---->
       
      <span>
        
      H
    
      </span>
       
      <!---->
    </a>
    <a
      class="button is-info"
      type="button"
    >
      <!---->
       
      <span>
        
      I
    
      </span>
       
      <!---->
    </a>
    <a
      class="button is-info"
      type="button"
    >
      <!---->
       
      <span>
        
      J
    
      </span>
       
      <!---->
    </a>
    <a
      class="button is-info"
      type="button"
    >
      <!---->
       
      <span>
        
      K
    
      </span>
       
      <!---->
    </a>
    <a
      class="button is-info"
      type="button"
    >
      <!---->
       
      <span>
        
      L
    
      </span>
       
      <!---->
    </a>
    <a
      class="button is-info"
      type="button"
    >
      <!---->
       
      <span>
        
      M
    
      </span>
       
      <!---->
    </a>
    <a
      class="button is-info"
      type="button"
    >
      <!---->
       
      <span>
        
      N
    
      </span>
       
      <!---->
    </a>
    <a
      class="button is-info"
      type="button"
    >
      <!---->
       
      <span>
        
      O
    
      </span>
       
      <!---->
    </a>
    <a
      class="button is-info"
      type="button"
    >
      <!---->
       
      <span>
        
      P
    
      </span>
       
      <!---->
    </a>
    <a
      class="button is-info"
      type="button"
    >
      <!---->
       
      <span>
        
      Q
    
      </span>
       
      <!---->
    </a>
    <a
      class="button is-info"
      type="button"
    >
      <!---->
       
      <span>
        
      R
    
      </span>
       
      <!---->
    </a>
    <a
      class="button is-info"
      type="button"
    >
      <!---->
       
      <span>
        
      S
    
      </span>
       
      <!---->
    </a>
    <a
      class="button is-info"
      type="button"
    >
      <!---->
       
      <span>
        
      T
    
      </span>
       
      <!---->
    </a>
    <a
      class="button is-info"
      type="button"
    >
      <!---->
       
      <span>
        
      U
    
      </span>
       
      <!---->
    </a>
    <a
      class="button is-info"
      type="button"
    >
      <!---->
       
      <span>
        
      V
    
      </span>
       
      <!---->
    </a>
    <a
      class="button is-info"
      type="button"
    >
      <!---->
       
      <span>
        
      W
    
      </span>
       
      <!---->
    </a>
    <a
      class="button is-info"
      type="button"
    >
      <!---->
       
      <span>
        
      X
    
      </span>
       
      <!---->
    </a>
    <a
      class="button is-info"
      type="button"
    >
      <!---->
       
      <span>
        
      Y
    
      </span>
       
      <!---->
    </a>
    <a
      class="button is-info"
      type="button"
    >
      <!---->
       
      <span>
        
      Z
    
      </span>
       
      <!---->
    </a>
    <button
      class="button is-info is-outlined"
      disabled="disabled"
      to="/name/36"
      type="button"
    >
      <!---->
       
      <span>
        
      数字・記号
    
      </span>
       
      <!---->
    </button>
  </div>
   
  <p
    class="subtitle"
  >
    Not Found
  </p>
   
  <songlist-stub
    loading="true"
    songs=""
  />
</section>
`;

exports[`/name/:prefix renders select SongIndex 1`] = `
<section
  class="section"
>
  <h1
    class="title"
  >
    曲名から探す
  </h1>
   
  <div
    class="buttons"
  >
    <a
      class="button is-info"
      type="button"
    >
      <!---->
       
      <span>
        
      あ
    
      </span>
       
      <!---->
    </a>
    <a
      class="button is-info"
      type="button"
    >
      <!---->
       
      <span>
        
      か
    
      </span>
       
      <!---->
    </a>
    <a
      class="button is-info"
      type="button"
    >
      <!---->
       
      <span>
        
      さ
    
      </span>
       
      <!---->
    </a>
    <a
      class="button is-info"
      type="button"
    >
      <!---->
       
      <span>
        
      た
    
      </span>
       
      <!---->
    </a>
    <a
      class="button is-info"
      type="button"
    >
      <!---->
       
      <span>
        
      な
    
      </span>
       
      <!---->
    </a>
    <a
      class="button is-info"
      type="button"
    >
      <!---->
       
      <span>
        
      は
    
      </span>
       
      <!---->
    </a>
    <a
      class="button is-info"
      type="button"
    >
      <!---->
       
      <span>
        
      ま
    
      </span>
       
      <!---->
    </a>
    <a
      class="button is-info"
      type="button"
    >
      <!---->
       
      <span>
        
      や
    
      </span>
       
      <!---->
    </a>
    <a
      class="button is-info"
      type="button"
    >
      <!---->
       
      <span>
        
      ら
    
      </span>
       
      <!---->
    </a>
    <a
      class="button is-info"
      type="button"
    >
      <!---->
       
      <span>
        
      わ
    
      </span>
       
      <!---->
    </a>
    <a
      class="button is-info"
      type="button"
    >
      <!---->
       
      <span>
        
      A
    
      </span>
       
      <!---->
    </a>
    <a
      class="button is-info"
      type="button"
    >
      <!---->
       
      <span>
        
      B
    
      </span>
       
      <!---->
    </a>
    <a
      class="button is-info"
      type="button"
    >
      <!---->
       
      <span>
        
      C
    
      </span>
       
      <!---->
    </a>
    <a
      class="button is-info"
      type="button"
    >
      <!---->
       
      <span>
        
      D
    
      </span>
       
      <!---->
    </a>
    <a
      class="button is-info"
      type="button"
    >
      <!---->
       
      <span>
        
      E
    
      </span>
       
      <!---->
    </a>
    <a
      class="button is-info"
      type="button"
    >
      <!---->
       
      <span>
        
      F
    
      </span>
       
      <!---->
    </a>
    <a
      class="button is-info"
      type="button"
    >
      <!---->
       
      <span>
        
      G
    
      </span>
       
      <!---->
    </a>
    <a
      class="button is-info"
      type="button"
    >
      <!---->
       
      <span>
        
      H
    
      </span>
       
      <!---->
    </a>
    <a
      class="button is-info"
      type="button"
    >
      <!---->
       
      <span>
        
      I
    
      </span>
       
      <!---->
    </a>
    <a
      class="button is-info"
      type="button"
    >
      <!---->
       
      <span>
        
      J
    
      </span>
       
      <!---->
    </a>
    <a
      class="button is-info"
      type="button"
    >
      <!---->
       
      <span>
        
      K
    
      </span>
       
      <!---->
    </a>
    <a
      class="button is-info"
      type="button"
    >
      <!---->
       
      <span>
        
      L
    
      </span>
       
      <!---->
    </a>
    <a
      class="button is-info"
      type="button"
    >
      <!---->
       
      <span>
        
      M
    
      </span>
       
      <!---->
    </a>
    <a
      class="button is-info"
      type="button"
    >
      <!---->
       
      <span>
        
      N
    
      </span>
       
      <!---->
    </a>
    <a
      class="button is-info"
      type="button"
    >
      <!---->
       
      <span>
        
      O
    
      </span>
       
      <!---->
    </a>
    <a
      class="button is-info"
      type="button"
    >
      <!---->
       
      <span>
        
      P
    
      </span>
       
      <!---->
    </a>
    <a
      class="button is-info"
      type="button"
    >
      <!---->
       
      <span>
        
      Q
    
      </span>
       
      <!---->
    </a>
    <a
      class="button is-info"
      type="button"
    >
      <!---->
       
      <span>
        
      R
    
      </span>
       
      <!---->
    </a>
    <a
      class="button is-info"
      type="button"
    >
      <!---->
       
      <span>
        
      S
    
      </span>
       
      <!---->
    </a>
    <a
      class="button is-info"
      type="button"
    >
      <!---->
       
      <span>
        
      T
    
      </span>
       
      <!---->
    </a>
    <a
      class="button is-info"
      type="button"
    >
      <!---->
       
      <span>
        
      U
    
      </span>
       
      <!---->
    </a>
    <a
      class="button is-info"
      type="button"
    >
      <!---->
       
      <span>
        
      V
    
      </span>
       
      <!---->
    </a>
    <a
      class="button is-info"
      type="button"
    >
      <!---->
       
      <span>
        
      W
    
      </span>
       
      <!---->
    </a>
    <a
      class="button is-info"
      type="button"
    >
      <!---->
       
      <span>
        
      X
    
      </span>
       
      <!---->
    </a>
    <a
      class="button is-info"
      type="button"
    >
      <!---->
       
      <span>
        
      Y
    
      </span>
       
      <!---->
    </a>
    <a
      class="button is-info"
      type="button"
    >
      <!---->
       
      <span>
        
      Z
    
      </span>
       
      <!---->
    </a>
    <a
      class="button is-info"
      type="button"
    >
      <!---->
       
      <span>
        
      数字・記号
    
      </span>
       
      <!---->
    </a>
  </div>
   
  <p
    class="subtitle"
  >
    曲名を選択してください
  </p>
   
  <!---->
</section>
`;
